<title>Vdbench output/config.html</title><pre>
Output from script /root/vdbench/linux/config.sh: 

2022年 08月 07日 星期日 14:33:33 CST
>>>>>uname -a
Linux bogon 4.19.90-24.4.v2101.ky10.aarch64 #1 SMP Mon May 24 14:45:37 CST 2021 aarch64 aarch64 aarch64 GNU/Linux
2022年 08月 07日 星期日 14:33:33 CST
>>>>>ifconfig -a
enaphyt4i0: flags=4163<UP,BROADCAST,RUNNING,MULTICAST>  mtu 1500
        inet 192.168.20.121  netmask 255.255.255.0  broadcast 192.168.20.255
        inet6 fe80::cd0b:3162:afb5:2f79  prefixlen 64  scopeid 0x20<link>
        ether 30:e3:6a:f3:1e:77  txqueuelen 1000  (Ethernet)
        RX packets 1021543  bytes 177540252 (169.3 MiB)
        RX errors 0  dropped 0  overruns 0  frame 0
        TX packets 147875  bytes 76381702 (72.8 MiB)
        TX errors 0  dropped 0 overruns 0  carrier 0  collisions 0
        device interrupt 9  base 0xc000  

enaphyt4i1: flags=4099<UP,BROADCAST,MULTICAST>  mtu 1500
        ether 30:e3:6a:f3:1e:78  txqueuelen 1000  (Ethernet)
        RX packets 0  bytes 0 (0.0 B)
        RX errors 0  dropped 0  overruns 0  frame 0
        TX packets 0  bytes 0 (0.0 B)
        TX errors 0  dropped 0 overruns 0  carrier 0  collisions 0
        device interrupt 10  

lo: flags=73<UP,LOOPBACK,RUNNING>  mtu 65536
        inet 127.0.0.1  netmask 255.0.0.0
        inet6 ::1  prefixlen 128  scopeid 0x10<host>
        loop  txqueuelen 1000  (Local Loopback)
        RX packets 5190  bytes 639524 (624.5 KiB)
        RX errors 0  dropped 0  overruns 0  frame 0
        TX packets 5190  bytes 639524 (624.5 KiB)
        TX errors 0  dropped 0 overruns 0  carrier 0  collisions 0

2022年 08月 07日 星期日 14:33:33 CST
>>>>>id
用户id=0(root) 组id=0(root) 组=0(root)
2022年 08月 07日 星期日 14:33:33 CST
>>>>>mount
sysfs on /sys type sysfs (rw,nosuid,nodev,noexec,relatime)
proc on /proc type proc (rw,nosuid,nodev,noexec,relatime)
devtmpfs on /dev type devtmpfs (rw,nosuid,size=32491648k,nr_inodes=507682,mode=755)
securityfs on /sys/kernel/security type securityfs (rw,nosuid,nodev,noexec,relatime)
tmpfs on /dev/shm type tmpfs (rw,nosuid,nodev)
devpts on /dev/pts type devpts (rw,nosuid,noexec,relatime,gid=5,mode=620,ptmxmode=000)
tmpfs on /run type tmpfs (rw,nosuid,nodev,mode=755)
tmpfs on /sys/fs/cgroup type tmpfs (ro,nosuid,nodev,noexec,mode=755)
cgroup on /sys/fs/cgroup/systemd type cgroup (rw,nosuid,nodev,noexec,relatime,xattr,release_agent=/usr/lib/systemd/systemd-cgroups-agent,name=systemd)
pstore on /sys/fs/pstore type pstore (rw,nosuid,nodev,noexec,relatime)
efivarfs on /sys/firmware/efi/efivars type efivarfs (rw,nosuid,nodev,noexec,relatime)
bpf on /sys/fs/bpf type bpf (rw,nosuid,nodev,noexec,relatime,mode=700)
cgroup on /sys/fs/cgroup/devices type cgroup (rw,nosuid,nodev,noexec,relatime,devices)
cgroup on /sys/fs/cgroup/blkio type cgroup (rw,nosuid,nodev,noexec,relatime,blkio)
cgroup on /sys/fs/cgroup/memory type cgroup (rw,nosuid,nodev,noexec,relatime,memory)
cgroup on /sys/fs/cgroup/net_cls,net_prio type cgroup (rw,nosuid,nodev,noexec,relatime,net_cls,net_prio)
cgroup on /sys/fs/cgroup/perf_event type cgroup (rw,nosuid,nodev,noexec,relatime,perf_event)
cgroup on /sys/fs/cgroup/pids type cgroup (rw,nosuid,nodev,noexec,relatime,pids)
cgroup on /sys/fs/cgroup/rdma type cgroup (rw,nosuid,nodev,noexec,relatime,rdma)
cgroup on /sys/fs/cgroup/cpu,cpuacct type cgroup (rw,nosuid,nodev,noexec,relatime,cpu,cpuacct)
cgroup on /sys/fs/cgroup/hugetlb type cgroup (rw,nosuid,nodev,noexec,relatime,hugetlb)
cgroup on /sys/fs/cgroup/freezer type cgroup (rw,nosuid,nodev,noexec,relatime,freezer)
cgroup on /sys/fs/cgroup/cpuset type cgroup (rw,nosuid,nodev,noexec,relatime,cpuset)
configfs on /sys/kernel/config type configfs (rw,nosuid,nodev,noexec,relatime)
/dev/mapper/klas-root on / type xfs (rw,relatime,attr2,inode64,noquota)
systemd-1 on /proc/sys/fs/binfmt_misc type autofs (rw,relatime,fd=31,pgrp=1,timeout=0,minproto=5,maxproto=5,direct,pipe_ino=20521)
mqueue on /dev/mqueue type mqueue (rw,nosuid,nodev,noexec,relatime)
hugetlbfs on /dev/hugepages type hugetlbfs (rw,relatime,pagesize=512M)
debugfs on /sys/kernel/debug type debugfs (rw,nosuid,nodev,noexec,relatime)
tmpfs on /tmp type tmpfs (rw,nosuid,nodev)
/dev/sda2 on /boot type xfs (rw,relatime,attr2,inode64,noquota)
/dev/sda1 on /boot/efi type vfat (rw,relatime,fmask=0077,dmask=0077,codepage=437,iocharset=ascii,shortname=winnt,errors=remount-ro)
binfmt_misc on /proc/sys/fs/binfmt_misc type binfmt_misc (rw,nosuid,nodev,noexec,relatime)
sunrpc on /var/lib/nfs/rpc_pipefs type rpc_pipefs (rw,relatime)
tracefs on /sys/kernel/debug/tracing type tracefs (rw,nosuid,nodev,noexec,relatime)
tmpfs on /run/user/1000 type tmpfs (rw,nosuid,nodev,relatime,size=6556096k,mode=700,uid=1000,gid=1000)
gvfsd-fuse on /run/user/1000/gvfs type fuse.gvfsd-fuse (rw,nosuid,nodev,relatime,user_id=1000,group_id=1000)
fusectl on /sys/fs/fuse/connections type fusectl (rw,nosuid,nodev,noexec,relatime)
tmpfs on /run/user/0 type tmpfs (rw,nosuid,nodev,relatime,size=6556096k,mode=700)
/dev/sdb1 on /mnt/disk01 type ext4 (rw,relatime,stripe=2)
/dev/sdb2 on /mnt/disk02 type ext4 (rw,relatime,stripe=2)
/dev/sdb3 on /mnt/disk03 type ext4 (rw,relatime,stripe=2)
/dev/sdb4 on /mnt/disk04 type ext4 (rw,relatime,stripe=2)
/dev/sdc1 on /mnt/disk11 type ext4 (rw,relatime,stripe=2)
/dev/sdc2 on /mnt/disk12 type ext4 (rw,relatime,stripe=2)
/dev/sdc3 on /mnt/disk13 type ext4 (rw,relatime,stripe=2)
/dev/sdc4 on /mnt/disk14 type ext4 (rw,relatime,stripe=2)
/dev/sdd1 on /mnt/disk21 type ext4 (rw,relatime,stripe=2)
/dev/sdd2 on /mnt/disk22 type ext4 (rw,relatime,stripe=2)
/dev/sdd3 on /mnt/disk23 type ext4 (rw,relatime,stripe=2)
/dev/sdd4 on /mnt/disk24 type ext4 (rw,relatime,stripe=2)
/dev/sdd5 on /mnt/disk25 type ext4 (rw,relatime,stripe=2)
/dev/sde1 on /mnt/disk31 type ext4 (rw,relatime,stripe=2)
/dev/sde2 on /mnt/disk32 type ext4 (rw,relatime,stripe=2)
/dev/sde3 on /mnt/disk33 type ext4 (rw,relatime,stripe=2)
/dev/sde4 on /mnt/disk34 type ext4 (rw,relatime,stripe=2)
2022年 08月 07日 星期日 14:33:33 CST
>>>>>memory
MemTotal:       65561472 kB
MemFree:        61850624 kB
MemAvailable:   57380032 kB
Buffers:           52032 kB
Cached:          1330944 kB
SwapCached:          448 kB
Active:          1611840 kB
Inactive:        1482304 kB
Active(anon):    1241856 kB
Inactive(anon):   570048 kB
Active(file):     369984 kB
Inactive(file):   912256 kB
Unevictable:          64 kB
Mlocked:              64 kB
SwapTotal:      33505216 kB
SwapFree:       33497024 kB
Dirty:               768 kB
Writeback:             0 kB
AnonPages:       1707328 kB
Mapped:           407616 kB
Shmem:            105984 kB
Slab:             252992 kB
SReclaimable:      75264 kB
SUnreclaim:       177728 kB
KernelStack:       10752 kB
PageTables:        72320 kB
NFS_Unstable:          0 kB
Bounce:                0 kB
WritebackTmp:          0 kB
CommitLimit:    66285952 kB
Committed_AS:    5173824 kB
VmallocTotal:   133009637312 kB
VmallocUsed:           0 kB
VmallocChunk:          0 kB
Percpu:             8704 kB
HardwareCorrupted:     0 kB
AnonHugePages:         0 kB
ShmemHugePages:        0 kB
ShmemPmdMapped:        0 kB
CmaTotal:         524288 kB
CmaFree:          517440 kB
HugePages_Total:       0
HugePages_Free:        0
HugePages_Rsvd:        0
HugePages_Surp:        0
Hugepagesize:     524288 kB
Hugetlb:               0 kB
              total        used        free      shared  buff/cache   available
Mem:       65561472     2252608    61850624      105984     1458240    57380032
Low:       65561472     3710848    61850624
High:             0           0           0
Swap:      33505216        8192    33497024
2022年 08月 07日 星期日 14:33:33 CST
>>>>>ps -ef | grep -i vdb
root       26599   20176  0 14:33 pts/1    00:00:00 /bin/bash ./vdbench -f /root/shellFiles/test11
root       26601   26599 82 14:33 pts/1    00:00:00 java -client -Xmx512m -Xms64m -cp ./:./classes:./vdbench.jar Vdb.Vdbmain -f /root/shellFiles/test11
root       26626   26601  0 14:33 pts/1    00:00:00 /bin/bash /root/vdbench/vdbench SlaveJvm -m localhost -n localhost-10-220807-14.33.32.651 -l localhost-0 -p 5570
root       26630   26626 56 14:33 pts/1    00:00:00 java -client -Xmx1024m -Xms128m -cp /root/vdbench/:/root/vdbench/classes:/root/vdbench/vdbench.jar Vdb.SlaveJvm SlaveJvm -m localhost -n localhost-10-220807-14.33.32.651 -l localhost-0 -p 5570
root       26641   26601  0 14:33 pts/1    00:00:00 /bin/bash /root/vdbench/vdbench SlaveJvm -m localhost -n localhost-11-220807-14.33.32.651 -l localhost-1 -p 5570
root       26646   26641 45 14:33 pts/1    00:00:00 java -client -Xmx1024m -Xms128m -cp /root/vdbench/:/root/vdbench/classes:/root/vdbench/vdbench.jar Vdb.SlaveJvm SlaveJvm -m localhost -n localhost-11-220807-14.33.32.651 -l localhost-1 -p 5570
root       26699   26601  0 14:33 pts/1    00:00:00 /bin/bash /root/vdbench/linux/config.sh -o /root/vdbench/output localhost
root       26719   26699  0 14:33 pts/1    00:00:00 grep -i vdb

